newcoin_bot | mode=dry_run | balance $15.00 | bankroll cap $15.00 | universe=trending | running 720m
[discovery] GET search failed: HTTPSConnectionPool(host='api.jup.ag', port=443): Max retries exceeded with url: /tokens/v2/search?query=So11111111111111111111111111111111111111112 (Caused by NameResolutionError("HTTPSConnection(host='api.jup.ag', port=443): Failed to resolve 'api.jup.ag' ([Errno 8] nodename nor servname provided, or not known)"))
[discovery] GET 24h failed: HTTPSConnectionPool(host='api.jup.ag', port=443): Max retries exceeded with url: /tokens/v2/toptraded/24h (Caused by NameResolutionError("HTTPSConnection(host='api.jup.ag', port=443): Failed to resolve 'api.jup.ag' ([Errno 8] nodename nor servname provided, or not known)"))
[discovery] GET v3 failed: HTTPSConnectionPool(host='api.jup.ag', port=443): Max retries exceeded with url: /price/v3?ids=zj1jpp7QMveWHLs61vL9KMZf254KvW7j4AAmBF8ry2k (Caused by NameResolutionError("HTTPSConnection(host='api.jup.ag', port=443): Failed to resolve 'api.jup.ag' ([Errno 8] nodename nor servname provided, or not known)"))
[discovery] GET 24h failed: HTTPSConnectionPool(host='api.jup.ag', port=443): Max retries exceeded with url: /tokens/v2/toptraded/24h (Caused by NameResolutionError("HTTPSConnection(host='api.jup.ag', port=443): Failed to resolve 'api.jup.ag' ([Errno 8] nodename nor servname provided, or not known)"))
[discovery] GET v3 failed: HTTPSConnectionPool(host='api.jup.ag', port=443): Max retries exceeded with url: /price/v3?ids=zj1jpp7QMveWHLs61vL9KMZf254KvW7j4AAmBF8ry2k (Caused by NameResolutionError("HTTPSConnection(host='api.jup.ag', port=443): Failed to resolve 'api.jup.ag' ([Errno 8] nodename nor servname provided, or not known)"))
[discovery] GET 24h failed: HTTPSConnectionPool(host='api.jup.ag', port=443): Max retries exceeded with url: /tokens/v2/toptraded/24h (Caused by NameResolutionError("HTTPSConnection(host='api.jup.ag', port=443): Failed to resolve 'api.jup.ag' ([Errno 8] nodename nor servname provided, or not known)"))
[discovery] GET v3 failed: HTTPSConnectionPool(host='api.jup.ag', port=443): Max retries exceeded with url: /price/v3?ids=zj1jpp7QMveWHLs61vL9KMZf254KvW7j4AAmBF8ry2k (Caused by NameResolutionError("HTTPSConnection(host='api.jup.ag', port=443): Failed to resolve 'api.jup.ag' ([Errno 8] nodename nor servname provided, or not known)"))
[discovery] GET 24h failed: HTTPSConnectionPool(host='api.jup.ag', port=443): Max retries exceeded with url: /tokens/v2/toptraded/24h (Caused by NameResolutionError("HTTPSConnection(host='api.jup.ag', port=443): Failed to resolve 'api.jup.ag' ([Errno 8] nodename nor servname provided, or not known)"))
[discovery] GET v3 failed: HTTPSConnectionPool(host='api.jup.ag', port=443): Max retries exceeded with url: /price/v3?ids=zj1jpp7QMveWHLs61vL9KMZf254KvW7j4AAmBF8ry2k (Caused by NameResolutionError("HTTPSConnection(host='api.jup.ag', port=443): Failed to resolve 'api.jup.ag' ([Errno 8] nodename nor servname provided, or not known)"))
[discovery] GET search failed: HTTPSConnectionPool(host='api.jup.ag', port=443): Max retries exceeded with url: /tokens/v2/search?query=So11111111111111111111111111111111111111112 (Caused by NameResolutionError("HTTPSConnection(host='api.jup.ag', port=443): Failed to resolve 'api.jup.ag' ([Errno 8] nodename nor servname provided, or not known)"))
[discovery] GET 24h failed: HTTPSConnectionPool(host='api.jup.ag', port=443): Max retries exceeded with url: /tokens/v2/toptraded/24h (Caused by NameResolutionError("HTTPSConnection(host='api.jup.ag', port=443): Failed to resolve 'api.jup.ag' ([Errno 8] nodename nor servname provided, or not known)"))
[discovery] GET v3 failed: HTTPSConnectionPool(host='api.jup.ag', port=443): Max retries exceeded with url: /price/v3?ids=zj1jpp7QMveWHLs61vL9KMZf254KvW7j4AAmBF8ry2k (Caused by NameResolutionError("HTTPSConnection(host='api.jup.ag', port=443): Failed to resolve 'api.jup.ag' ([Errno 8] nodename nor servname provided, or not known)"))
[discovery] GET search failed: HTTPSConnectionPool(host='api.jup.ag', port=443): Max retries exceeded with url: /tokens/v2/search?query=So11111111111111111111111111111111111111112 (Caused by NameResolutionError("HTTPSConnection(host='api.jup.ag', port=443): Failed to resolve 'api.jup.ag' ([Errno 8] nodename nor servname provided, or not known)"))
[discovery] GET 24h failed: HTTPSConnectionPool(host='api.jup.ag', port=443): Max retries exceeded with url: /tokens/v2/toptraded/24h (Caused by NameResolutionError("HTTPSConnection(host='api.jup.ag', port=443): Failed to resolve 'api.jup.ag' ([Errno 8] nodename nor servname provided, or not known)"))
[discovery] GET v3 failed: HTTPSConnectionPool(host='api.jup.ag', port=443): Max retries exceeded with url: /price/v3?ids=zj1jpp7QMveWHLs61vL9KMZf254KvW7j4AAmBF8ry2k (Caused by NameResolutionError("HTTPSConnection(host='api.jup.ag', port=443): Failed to resolve 'api.jup.ag' ([Errno 8] nodename nor servname provided, or not known)"))
[discovery] GET search failed: HTTPSConnectionPool(host='api.jup.ag', port=443): Max retries exceeded with url: /tokens/v2/search?query=So11111111111111111111111111111111111111112 (Caused by NameResolutionError("HTTPSConnection(host='api.jup.ag', port=443): Failed to resolve 'api.jup.ag' ([Errno 8] nodename nor servname provided, or not known)"))
[discovery] GET 24h failed: HTTPSConnectionPool(host='api.jup.ag', port=443): Max retries exceeded with url: /tokens/v2/toptraded/24h (Caused by NameResolutionError("HTTPSConnection(host='api.jup.ag', port=443): Failed to resolve 'api.jup.ag' ([Errno 8] nodename nor servname provided, or not known)"))
[discovery] GET v3 failed: HTTPSConnectionPool(host='api.jup.ag', port=443): Max retries exceeded with url: /price/v3?ids=zj1jpp7QMveWHLs61vL9KMZf254KvW7j4AAmBF8ry2k (Caused by NameResolutionError("HTTPSConnection(host='api.jup.ag', port=443): Failed to resolve 'api.jup.ag' ([Errno 8] nodename nor servname provided, or not known)"))
[discovery] GET search failed: HTTPSConnectionPool(host='api.jup.ag', port=443): Max retries exceeded with url: /tokens/v2/search?query=So11111111111111111111111111111111111111112 (Caused by NameResolutionError("HTTPSConnection(host='api.jup.ag', port=443): Failed to resolve 'api.jup.ag' ([Errno 8] nodename nor servname provided, or not known)"))
[discovery] GET 24h failed: HTTPSConnectionPool(host='api.jup.ag', port=443): Max retries exceeded with url: /tokens/v2/toptraded/24h (Caused by NameResolutionError("HTTPSConnection(host='api.jup.ag', port=443): Failed to resolve 'api.jup.ag' ([Errno 8] nodename nor servname provided, or not known)"))
[discovery] GET v3 failed: HTTPSConnectionPool(host='api.jup.ag', port=443): Max retries exceeded with url: /price/v3?ids=zj1jpp7QMveWHLs61vL9KMZf254KvW7j4AAmBF8ry2k (Caused by NameResolutionError("HTTPSConnection(host='api.jup.ag', port=443): Failed to resolve 'api.jup.ag' ([Errno 8] nodename nor servname provided, or not known)"))
[discovery] GET search failed: HTTPSConnectionPool(host='api.jup.ag', port=443): Max retries exceeded with url: /tokens/v2/search?query=So11111111111111111111111111111111111111112 (Caused by NameResolutionError("HTTPSConnection(host='api.jup.ag', port=443): Failed to resolve 'api.jup.ag' ([Errno 8] nodename nor servname provided, or not known)"))
[discovery] GET 24h failed: HTTPSConnectionPool(host='api.jup.ag', port=443): Max retries exceeded with url: /tokens/v2/toptraded/24h (Caused by NameResolutionError("HTTPSConnection(host='api.jup.ag', port=443): Failed to resolve 'api.jup.ag' ([Errno 8] nodename nor servname provided, or not known)"))
[discovery] GET v3 failed: HTTPSConnectionPool(host='api.jup.ag', port=443): Max retries exceeded with url: /price/v3?ids=zj1jpp7QMveWHLs61vL9KMZf254KvW7j4AAmBF8ry2k (Caused by NameResolutionError("HTTPSConnection(host='api.jup.ag', port=443): Failed to resolve 'api.jup.ag' ([Errno 8] nodename nor servname provided, or not known)"))
[discovery] GET search failed: HTTPSConnectionPool(host='api.jup.ag', port=443): Max retries exceeded with url: /tokens/v2/search?query=So11111111111111111111111111111111111111112 (Caused by NameResolutionError("HTTPSConnection(host='api.jup.ag', port=443): Failed to resolve 'api.jup.ag' ([Errno 8] nodename nor servname provided, or not known)"))
[discovery] GET 24h failed: HTTPSConnectionPool(host='api.jup.ag', port=443): Max retries exceeded with url: /tokens/v2/toptraded/24h (Caused by NameResolutionError("HTTPSConnection(host='api.jup.ag', port=443): Failed to resolve 'api.jup.ag' ([Errno 8] nodename nor servname provided, or not known)"))
[discovery] GET v3 failed: HTTPSConnectionPool(host='api.jup.ag', port=443): Max retries exceeded with url: /price/v3?ids=zj1jpp7QMveWHLs61vL9KMZf254KvW7j4AAmBF8ry2k (Caused by NameResolutionError("HTTPSConnection(host='api.jup.ag', port=443): Failed to resolve 'api.jup.ag' ([Errno 8] nodename nor servname provided, or not known)"))
[discovery] GET search failed: HTTPSConnectionPool(host='api.jup.ag', port=443): Max retries exceeded with url: /tokens/v2/search?query=So11111111111111111111111111111111111111112 (Caused by NameResolutionError("HTTPSConnection(host='api.jup.ag', port=443): Failed to resolve 'api.jup.ag' ([Errno 8] nodename nor servname provided, or not known)"))
[discovery] GET 24h failed: HTTPSConnectionPool(host='api.jup.ag', port=443): Max retries exceeded with url: /tokens/v2/toptraded/24h (Caused by NameResolutionError("HTTPSConnection(host='api.jup.ag', port=443): Failed to resolve 'api.jup.ag' ([Errno 8] nodename nor servname provided, or not known)"))
[discovery] GET v3 failed: HTTPSConnectionPool(host='api.jup.ag', port=443): Max retries exceeded with url: /price/v3?ids=zj1jpp7QMveWHLs61vL9KMZf254KvW7j4AAmBF8ry2k (Caused by NameResolutionError("HTTPSConnection(host='api.jup.ag', port=443): Failed to resolve 'api.jup.ag' ([Errno 8] nodename nor servname provided, or not known)"))
[discovery] GET search failed: HTTPSConnectionPool(host='api.jup.ag', port=443): Max retries exceeded with url: /tokens/v2/search?query=So11111111111111111111111111111111111111112 (Caused by NameResolutionError("HTTPSConnection(host='api.jup.ag', port=443): Failed to resolve 'api.jup.ag' ([Errno 8] nodename nor servname provided, or not known)"))
[discovery] GET 24h failed: HTTPSConnectionPool(host='api.jup.ag', port=443): Max retries exceeded with url: /tokens/v2/toptraded/24h (Caused by NameResolutionError("HTTPSConnection(host='api.jup.ag', port=443): Failed to resolve 'api.jup.ag' ([Errno 8] nodename nor servname provided, or not known)"))
[discovery] GET v3 failed: HTTPSConnectionPool(host='api.jup.ag', port=443): Max retries exceeded with url: /price/v3?ids=zj1jpp7QMveWHLs61vL9KMZf254KvW7j4AAmBF8ry2k (Caused by NameResolutionError("HTTPSConnection(host='api.jup.ag', port=443): Failed to resolve 'api.jup.ag' ([Errno 8] nodename nor servname provided, or not known)"))
[discovery] GET search failed: HTTPSConnectionPool(host='api.jup.ag', port=443): Max retries exceeded with url: /tokens/v2/search?query=So11111111111111111111111111111111111111112 (Caused by NameResolutionError("HTTPSConnection(host='api.jup.ag', port=443): Failed to resolve 'api.jup.ag' ([Errno 8] nodename nor servname provided, or not known)"))
[discovery] GET 24h failed: HTTPSConnectionPool(host='api.jup.ag', port=443): Max retries exceeded with url: /tokens/v2/toptraded/24h (Caused by NameResolutionError("HTTPSConnection(host='api.jup.ag', port=443): Failed to resolve 'api.jup.ag' ([Errno 8] nodename nor servname provided, or not known)"))
[discovery] GET v3 failed: HTTPSConnectionPool(host='api.jup.ag', port=443): Max retries exceeded with url: /price/v3?ids=zj1jpp7QMveWHLs61vL9KMZf254KvW7j4AAmBF8ry2k (Caused by NameResolutionError("HTTPSConnection(host='api.jup.ag', port=443): Failed to resolve 'api.jup.ag' ([Errno 8] nodename nor servname provided, or not known)"))

===== NEWCOIN SESSION REPORT =====
Seen (feed):         841
Out of band:         633
Screened:            184  (rug_risk 42 | caution 0)
No setup:            133
Regime-blocked:      0
Entered:             8
Trades closed:       7   (0W / 7L, 0% win rate)
Gross profit:        $0.0000
Total fees paid:     $0.5597
Net P&L:             $-4.6642
Ending balance:      $10.34
Open positions:      1
Log:                 newcoin_dry_run_log.csv
==================================

